// Jest Snapshot v1, https://goo.gl/fbAQLP

exports[`renders an anchor tag containing an url and an image 1`] = `
<a
  href="url"
  target="_blank"
>
  <img
    alt="alt"
    src="image"
  />
</a>
`;
